nrf24l01.c:27:6:nrf24l01_initialize	32	static
nrf24l01.c:152:6:nrf24l01_initialize_debug	96	static
nrf24l01.c:199:6:nrf24l01_initialize_debug_lite	24	static
nrf24l01.c:221:6:nrf24l01_power_up	24	static
nrf24l01.c:255:6:nrf24l01_power_up_param	16	static
nrf24l01.c:279:6:nrf24l01_power_down	16	static
nrf24l01.c:298:6:nrf24l01_power_down_param	16	static
nrf24l01.c:316:6:nrf24l01_set_as_rx	24	static
nrf24l01.c:343:6:nrf24l01_set_as_rx_param	16	static
nrf24l01.c:354:6:nrf24l01_rx_standby_to_active	8	static
nrf24l01.c:360:6:nrf24l01_rx_active_to_standby	8	static
nrf24l01.c:370:6:nrf24l01_set_as_tx	16	static
nrf24l01.c:389:6:nrf24l01_set_as_tx_param	16	static
nrf24l01.c:408:15:nrf24l01_write_register	24	static
nrf24l01.c:422:15:nrf24l01_read_register	24	static
nrf24l01.c:434:15:nrf24l01_write_tx_payload	32	static
nrf24l01.c:454:15:nrf24l01_read_rx_payload	24	static
nrf24l01.c:468:15:nrf24l01_flush_tx	8	static
nrf24l01.c:476:15:nrf24l01_flush_rx	8	static
nrf24l01.c:484:15:nrf24l01_reuse_tx_pl	8	static
nrf24l01.c:492:15:nrf24l01_nop	8	static
nrf24l01.c:498:6:nrf24l01_transmit	8	static
nrf24l01.c:506:6:nrf24l01_clear_ce	8	static
nrf24l01.c:513:6:nrf24l01_set_ce	8	static
nrf24l01.c:520:6:nrf24l01_ce_pin_active	8	static
nrf24l01.c:530:6:nrf24l01_clear_csn	8	static
nrf24l01.c:537:6:nrf24l01_set_csn	8	static
nrf24l01.c:543:6:nrf24l01_csn_pin_active	8	static
nrf24l01.c:556:6:nrf24l01_set_tx_addr	16	static
nrf24l01.c:569:6:nrf24l01_set_rx_addr	24	static
nrf24l01.c:584:6:nrf24l01_set_rx_pw	16	static
nrf24l01.c:596:15:nrf24l01_get_rx_pw	24	static
nrf24l01.c:609:15:nrf24l01_get_config	16	static
nrf24l01.c:619:6:nrf24l01_set_config	16	static
nrf24l01.c:625:15:nrf24l01_get_rf_ch	16	static
nrf24l01.c:635:6:nrf24l01_set_rf_ch	24	static
nrf24l01.c:645:15:nrf24l01_get_observe_tx	16	static
nrf24l01.c:655:15:nrf24l01_get_plos_cnt	16	static
nrf24l01.c:667:6:nrf24l01_clear_plos_cnt	16	static
nrf24l01.c:678:6:nrf24l01_clear_plos_cnt_param	16	static
nrf24l01.c:684:15:nrf24l01_get_arc_cnt	16	static
nrf24l01.c:697:6:nrf24l01_aa_enabled	24	static
nrf24l01.c:712:6:nrf24l01_aa_enable	24	static
nrf24l01.c:732:6:nrf24l01_aa_disable	24	static
nrf24l01.c:753:6:nrf24l01_rx_pipe_enabled	24	static
nrf24l01.c:769:6:nrf24l01_rx_pipe_enable	24	static
nrf24l01.c:790:6:nrf24l01_rx_pipe_disable	24	static
nrf24l01.c:809:6:nrf24l01_cd_active	16	static
nrf24l01.c:819:15:nrf24l01_get_fifo_status	16	static
nrf24l01.c:829:15:nrf24l01_get_status	8	static
nrf24l01.c:835:6:nrf24l01_fifo_tx_reuse	16	static
nrf24l01.c:845:6:nrf24l01_fifo_tx_full	16	static
nrf24l01.c:855:6:nrf24l01_fifo_tx_empty	16	static
nrf24l01.c:865:6:nrf24l01_fifo_rx_full	16	static
nrf24l01.c:875:6:nrf24l01_fifo_rx_empty	16	static
nrf24l01.c:885:6:nrf24l01_irq_pin_active	8	static
nrf24l01.c:894:6:nrf24l01_irq_rx_dr_active	8	static
nrf24l01.c:900:6:nrf24l01_irq_tx_ds_active	8	static
nrf24l01.c:906:6:nrf24l01_irq_max_rt_active	8	static
nrf24l01.c:912:6:nrf24l01_irq_clear_all	16	static
nrf24l01.c:920:6:nrf24l01_irq_clear_rx_dr	16	static
nrf24l01.c:928:6:nrf24l01_irq_clear_tx_ds	16	static
nrf24l01.c:936:6:nrf24l01_irq_clear_max_rt	16	static
nrf24l01.c:944:15:nrf24l01_get_rx_pipe	8	static
nrf24l01.c:949:15:nrf24l01_get_rx_pipe_from_status	16	static
nrf24l01.c:955:6:nrf24l01_clear_flush	8	static
nrf24l01.c:963:6:nrf24l01_get_all_registers	40	static
nrf24l01.c:987:15:nrf24l01_execute_command	32	static
nrf24l01.c:1004:6:nrf24l01_spi_send_read	40	static
